// Jest Snapshot v1, https://goo.gl/fbAQLP

exports[`UsersContextProvider renders context provider 1`] = `
<div>
  <div>
    Test
  </div>
</div>
`;
